C:/Users/mathi/git/02502_Digital_Instrumentation_1/Digital_Instrumentation_E1/cmsis/core_cm4.h:1071:22:NVIC_EnableIRQ	16	static
C:/Users/mathi/git/02502_Digital_Instrumentation_1/Digital_Instrumentation_E1/cmsis/core_cm4.h:1156:22:NVIC_SetPriority	16	static
../Src/ansi.c:16:10:ADC_measure_PA	24	static
../Src/ansi.c:26:6:ADC_CAL	16	static
../Src/ansi.c:50:6:ADC_setup_PA	56	static
../Src/ansi.c:104:6:EXTI1_IRQHandler	8	static,ignoring_inline_asm
../Src/ansi.c:119:6:EXTI0_IRQHandler	8	static,ignoring_inline_asm
../Src/ansi.c:134:6:EXTI4_IRQHandler	8	static,ignoring_inline_asm
../Src/ansi.c:145:6:init_Interrupt	24	static
../Src/ansi.c:209:6:setup_TIM15	8	static
../Src/ansi.c:226:6:TIM1_BRK_TIM15_IRQHandler	1048	static,ignoring_inline_asm
../Src/ansi.c:314:6:setupTIM2PWM	32	static
../Src/ansi.c:342:6:setup_TIM2	8	static
../Src/ansi.c:366:6:TIM2_IRQHandler	8	static,ignoring_inline_asm
../Src/ansi.c:417:6:set_LED	16	static
../Src/ansi.c:464:6:init_LED	16	static
../Src/ansi.c:497:9:read_Joystick	16	static
../Src/ansi.c:508:6:print_byte	24	static
../Src/ansi.c:524:6:GPIO_set_AF_PA5	16	static
../Src/ansi.c:539:6:init_Joystick	16	static
../Src/ansi.c:580:9:power	24	static
