C:/Users/mathi/git/02502_Digital_Instrumentation_1/02502_Digital_Instrumentation_1/cmsis/core_cm4.h:1071:22:NVIC_EnableIRQ	16	static
C:/Users/mathi/git/02502_Digital_Instrumentation_1/02502_Digital_Instrumentation_1/cmsis/core_cm4.h:1156:22:NVIC_SetPriority	16	static
../Src/ansi.c:13:10:ADC_measure_PA	24	static
../Src/ansi.c:23:6:ADC_CAL	16	static
../Src/ansi.c:47:6:ADC_setup_PA	56	static
../Src/ansi.c:101:6:EXTI1_IRQHandler	8	static,ignoring_inline_asm
../Src/ansi.c:116:6:EXTI0_IRQHandler	8	static,ignoring_inline_asm
../Src/ansi.c:131:6:EXTI4_IRQHandler	8	static,ignoring_inline_asm
../Src/ansi.c:142:6:init_Interrupt	24	static
../Src/ansi.c:206:6:setup_TIM15	8	static
../Src/ansi.c:223:6:TIM1_BRK_TIM15_IRQHandler	1048	static,ignoring_inline_asm
../Src/ansi.c:317:6:setupTIM2PWM	32	static
../Src/ansi.c:345:6:setup_TIM2	8	static
../Src/ansi.c:369:6:TIM2_IRQHandler	8	static,ignoring_inline_asm
../Src/ansi.c:420:6:set_LED	16	static
../Src/ansi.c:467:6:init_LED	16	static
../Src/ansi.c:500:9:read_Joystick	16	static
../Src/ansi.c:511:6:print_byte	24	static
../Src/ansi.c:527:6:GPIO_set_AF_PA5	16	static
../Src/ansi.c:542:6:init_Joystick	16	static
../Src/ansi.c:583:9:power	24	static
