C:/Users/mathi/git/02502_Digital_Instrumentation_1/02502_Digital_Instrumentation_1/cmsis/core_cm4.h:1071:22:NVIC_EnableIRQ	16	static
C:/Users/mathi/git/02502_Digital_Instrumentation_1/02502_Digital_Instrumentation_1/cmsis/core_cm4.h:1156:22:NVIC_SetPriority	16	static
../Src/ansi.c:16:6:GPIO_set_AF1_PA6	16	static
../Src/ansi.c:36:6:TIM16_PWM_init	48	static
../Src/ansi.c:72:10:ADC_measure_PA	24	static
../Src/ansi.c:82:6:ADC_CAL	16	static
../Src/ansi.c:106:6:ADC_setup_PA	56	static
../Src/ansi.c:160:6:EXTI1_IRQHandler	8	static,ignoring_inline_asm
../Src/ansi.c:175:6:EXTI0_IRQHandler	8	static,ignoring_inline_asm
../Src/ansi.c:190:6:EXTI4_IRQHandler	8	static,ignoring_inline_asm
../Src/ansi.c:201:6:init_Interrupt	24	static
../Src/ansi.c:265:6:setup_TIM15	8	static
../Src/ansi.c:282:6:TIM1_BRK_TIM15_IRQHandler	1048	static,ignoring_inline_asm
../Src/ansi.c:378:6:setupTIM2PWM	32	static
../Src/ansi.c:408:6:init_TIM2	8	static
../Src/ansi.c:454:6:TIM2_IRQHandler	8	static,ignoring_inline_asm
../Src/ansi.c:483:6:set_LED	16	static
../Src/ansi.c:530:6:init_LED	16	static
../Src/ansi.c:563:9:read_Joystick	16	static
../Src/ansi.c:574:6:print_byte	24	static
../Src/ansi.c:590:6:GPIO_set_AF_PA5	16	static
../Src/ansi.c:605:6:init_Joystick	16	static
../Src/ansi.c:646:9:power	24	static
