C:/Users/Rasmu/git/02502_Digital_Instrumentation_1/cmsis/core_cm4.h:1071:22:NVIC_EnableIRQ	16	static
C:/Users/Rasmu/git/02502_Digital_Instrumentation_1/cmsis/core_cm4.h:1156:22:NVIC_SetPriority	16	static
../Src/ansi.c:16:6:GPIO_set_AF1_PA6	16	static
../Src/ansi.c:30:6:GPIO_set_AF1_PB11	16	static
../Src/ansi.c:47:6:timer16_clock_init	24	static
../Src/ansi.c:62:6:timer2_clock_init	24	static
../Src/ansi.c:77:6:TIM16_PWM_init	40	static
../Src/ansi.c:99:6:TIM2_PWM_init	40	static
../Src/ansi.c:122:10:ADC_measure_PA	24	static
../Src/ansi.c:132:6:ADC_CAL	16	static
../Src/ansi.c:158:6:ADC_setup_PA	56	static,ignoring_inline_asm
../Src/ansi.c:207:6:EXTI1_IRQHandler	8	static,ignoring_inline_asm
../Src/ansi.c:222:6:EXTI0_IRQHandler	8	static,ignoring_inline_asm
../Src/ansi.c:237:6:EXTI4_IRQHandler	8	static,ignoring_inline_asm
../Src/ansi.c:248:6:init_Interrupt	24	static
../Src/ansi.c:312:6:setup_TIM15	8	static
../Src/ansi.c:329:6:TIM1_BRK_TIM15_IRQHandler	1048	static,ignoring_inline_asm
../Src/ansi.c:425:6:setupTIM2PWM	32	static
../Src/ansi.c:455:6:init_TIM2	8	static
../Src/ansi.c:501:6:TIM2_IRQHandler	8	static,ignoring_inline_asm
../Src/ansi.c:530:6:set_LED	16	static
../Src/ansi.c:577:6:init_LED	16	static
../Src/ansi.c:610:9:read_Joystick	16	static
../Src/ansi.c:621:6:print_byte	24	static
../Src/ansi.c:637:6:GPIO_set_AF_PA5	16	static
../Src/ansi.c:652:6:init_Joystick	16	static
../Src/ansi.c:693:9:power	24	static
